// Vitest Snapshot v1, https://vitest.dev/guide/snapshot.html

exports[`WelcomeCohortEmailForTeamRedeemer > renders consistently 1`] = `"<!DOCTYPE html PUBLIC "-//W3C//DTD XHTML 1.0 Transitional//EN" "http://www.w3.org/TR/xhtml1/DTD/xhtml1-transitional.dtd"><html dir="ltr" lang="en"><head><meta content="text/html; charset=UTF-8" http-equiv="Content-Type"/><meta name="x-apple-disable-message-reformatting"/></head><body style="background-color:#f6f9fc;font-family:-apple-system,BlinkMacSystemFont,&quot;Segoe UI&quot;,Roboto,Oxygen-Sans,Ubuntu,Cantarell,&quot;Helvetica Neue&quot;,sans-serif;padding:20px 0"><!--$--><div style="display:none;overflow:hidden;line-height:1px;opacity:0;max-height:0;max-width:0">You&#x27;ve claimed your seat for Redeemer Cohort!<div> ‌​‍‎‏﻿ ‌​‍‎‏﻿ ‌​‍‎‏﻿ ‌​‍‎‏﻿ ‌​‍‎‏﻿ ‌​‍‎‏﻿ ‌​‍‎‏﻿ ‌​‍‎‏﻿ ‌​‍‎‏﻿ ‌​‍‎‏﻿ ‌​‍‎‏﻿ ‌​‍‎‏﻿ ‌​‍‎‏﻿ ‌​‍‎‏﻿ ‌​‍‎‏﻿ ‌​‍‎‏﻿ ‌​‍‎‏﻿ ‌​‍‎‏﻿ ‌​‍‎‏﻿ ‌​‍‎‏﻿ ‌​‍‎‏﻿ ‌​‍‎‏﻿ ‌​‍‎‏﻿ ‌​‍‎‏﻿ ‌​‍‎‏﻿ ‌​‍‎‏﻿ ‌​‍‎‏﻿ ‌​‍‎‏﻿ ‌​‍‎‏﻿ ‌​‍‎‏﻿ ‌​‍‎‏﻿ ‌​‍‎‏﻿ ‌​‍‎‏﻿ ‌​‍‎‏﻿ ‌​‍‎‏﻿ ‌​‍‎‏﻿ ‌​‍‎‏﻿ ‌​‍‎‏﻿ ‌​‍‎‏﻿ ‌​‍‎‏﻿ ‌​‍‎‏﻿ ‌​‍‎‏﻿ ‌​‍‎‏﻿ ‌​‍‎‏﻿ ‌​‍‎‏﻿ ‌​‍‎‏﻿ ‌​‍‎‏﻿ ‌​‍‎‏﻿ ‌​‍‎‏﻿ ‌​‍‎‏﻿ ‌​‍‎‏﻿ ‌​‍‎‏﻿ ‌​‍‎‏﻿ ‌​‍‎‏﻿ ‌​‍‎‏﻿ ‌​‍‎‏﻿ ‌​‍‎‏﻿ ‌​‍‎‏﻿ ‌​‍‎‏﻿ ‌​‍‎‏﻿ ‌​‍‎‏﻿ ‌​‍‎‏﻿ ‌​‍‎‏﻿ ‌​‍‎‏﻿ ‌​‍‎‏﻿ ‌​‍‎‏﻿ ‌​‍‎‏﻿ ‌​‍‎‏﻿ ‌​‍‎‏﻿ ‌​‍‎‏﻿ ‌​‍‎‏﻿ ‌​‍‎‏﻿ ‌​‍‎‏﻿ ‌​‍‎‏﻿ ‌​‍‎‏﻿ ‌​‍‎‏﻿ ‌​‍‎‏﻿ ‌​‍‎‏﻿ ‌​‍‎‏﻿ ‌​‍‎‏﻿ ‌​‍‎‏﻿ ‌​‍‎‏﻿ ‌​‍‎‏﻿ ‌​‍‎‏﻿ ‌​‍‎‏﻿ ‌​‍‎‏﻿ ‌​‍‎‏﻿ ‌​‍‎‏﻿ ‌​‍‎‏﻿ ‌​‍‎‏﻿ ‌​‍‎‏﻿ ‌​‍‎‏﻿ ‌​‍‎‏﻿ ‌​‍‎‏﻿ ‌​‍‎‏﻿ ‌​‍‎‏﻿ ‌​‍‎‏﻿ ‌​‍‎‏﻿ ‌​‍‎‏﻿ ‌​‍‎‏﻿ ‌​‍‎‏﻿ ‌​‍‎‏﻿ ‌​‍‎‏﻿ ‌​‍‎‏﻿ ‌​‍‎‏﻿</div></div><table align="center" width="100%" border="0" cellPadding="0" cellSpacing="0" role="presentation" style="max-width:580px;background-color:#ffffff;border:1px solid #dfe3e8;border-radius:12px;margin:0 auto;padding:0"><tbody><tr style="width:100%"><td><table align="center" width="100%" border="0" cellPadding="0" cellSpacing="0" role="presentation" style="padding:32px"><tbody><tr><td><h1 style="color:#1a202c;font-size:28px;font-weight:bold;line-height:36px;text-align:center;margin:0 0 30px">Welcome to <!-- -->Redeemer Cohort<!-- -->! 🎉</h1><table align="center" width="100%" border="0" cellPadding="0" cellSpacing="0" role="presentation" style="margin-top:24px"><tbody><tr><td><p style="font-size:16px;line-height:26px;margin:0 0 16px;color:#333333">Hi there,</p><p style="font-size:16px;line-height:26px;margin:0 0 16px;color:#333333">You&#x27;ve successfully claimed your seat via your team&#x27;s purchase.</p></td></tr></tbody></table><table align="center" width="100%" border="0" cellPadding="0" cellSpacing="0" role="presentation" style="margin-top:24px"><tbody><tr><td><p style="font-size:16px;line-height:26px;margin:0 0 16px;color:#333333">You now have access to <strong>Day 1</strong>.</p><table align="center" width="100%" border="0" cellPadding="0" cellSpacing="0" role="presentation" style="text-align:center;margin-top:20px"><tbody><tr><td><a href="#day0" style="color:#ffffff;text-decoration-line:none;background-color:#007bff;padding:12px 20px;text-decoration:none;border-radius:5px;display:inline-block;font-weight:bold" target="_blank">Get Started</a></td></tr></tbody></table></td></tr></tbody></table><table align="center" width="100%" border="0" cellPadding="0" cellSpacing="0" role="presentation" style="margin-top:24px"><tbody><tr><td><p style="font-size:14px;line-height:22px;margin:0 0 16px;color:#555555">Questions? Contact<!-- --> <a href="mailto:test@example.com" style="color:#007bff;text-decoration-line:none;text-decoration:underline" target="_blank">test@example.com</a>.</p></td></tr></tbody></table><table align="center" width="100%" border="0" cellPadding="0" cellSpacing="0" role="presentation" style="margin-top:24px"><tbody><tr><td><p style="font-size:16px;line-height:26px;margin:0 0 16px;color:#333333">See you inside,</p><p style="font-size:16px;line-height:26px;margin:0 0 16px;color:#333333">The <!-- -->Test Site<!-- --> Team</p></td></tr></tbody></table></td></tr></tbody></table></td></tr></tbody></table><!--7--><!--/$--></body></html>"`;
